2025/01/01 18:44:49 [notice] 1#1: using the "epoll" event method
2025/01/01 18:44:49 [notice] 1#1: nginx/1.27.3
2025/01/01 18:44:49 [notice] 1#1: built by gcc 13.2.1 20240309 (Alpine 13.2.1_git20240309) 
2025/01/01 18:44:49 [notice] 1#1: OS: Linux 5.15.153.1-microsoft-standard-WSL2
2025/01/01 18:44:49 [notice] 1#1: getrlimit(RLIMIT_NOFILE): 1048576:1048576
2025/01/01 18:44:49 [notice] 1#1: start worker processes
2025/01/01 18:44:49 [notice] 1#1: start worker process 20
2025/01/01 18:44:49 [notice] 1#1: start worker process 21
2025/01/01 18:44:49 [notice] 1#1: start worker process 22
2025/01/01 18:44:49 [notice] 1#1: start worker process 23
2025/01/01 18:44:49 [notice] 1#1: start worker process 24
2025/01/01 18:44:49 [notice] 1#1: start worker process 25
2025/01/01 18:44:49 [notice] 1#1: start worker process 26
2025/01/01 18:44:49 [notice] 1#1: start worker process 27
2025/01/01 18:44:49 [notice] 1#1: start worker process 28
2025/01/01 18:44:49 [notice] 1#1: start worker process 29
2025/01/01 18:44:49 [notice] 1#1: start worker process 30
2025/01/01 18:44:49 [notice] 1#1: start worker process 31
2025/01/01 18:49:38 [notice] 1#1: signal 3 (SIGQUIT) received, shutting down
2025/01/01 18:49:38 [notice] 20#20: gracefully shutting down
2025/01/01 18:49:38 [notice] 21#21: gracefully shutting down
2025/01/01 18:49:38 [notice] 20#20: exiting
2025/01/01 18:49:38 [notice] 24#24: gracefully shutting down
2025/01/01 18:49:38 [notice] 26#26: gracefully shutting down
2025/01/01 18:49:38 [notice] 24#24: exiting
2025/01/01 18:49:38 [notice] 20#20: exit
2025/01/01 18:49:38 [notice] 29#29: gracefully shutting down
2025/01/01 18:49:38 [notice] 29#29: exiting
2025/01/01 18:49:38 [notice] 25#25: gracefully shutting down
2025/01/01 18:49:38 [notice] 27#27: gracefully shutting down
2025/01/01 18:49:38 [notice] 25#25: exiting
2025/01/01 18:49:38 [notice] 27#27: exiting
2025/01/01 18:49:38 [notice] 24#24: exit
2025/01/01 18:49:38 [notice] 29#29: exit
2025/01/01 18:49:38 [notice] 25#25: exit
2025/01/01 18:49:38 [notice] 27#27: exit
2025/01/01 18:49:38 [notice] 31#31: gracefully shutting down
2025/01/01 18:49:38 [notice] 30#30: gracefully shutting down
2025/01/01 18:49:38 [notice] 28#28: gracefully shutting down
2025/01/01 18:49:38 [notice] 30#30: exiting
2025/01/01 18:49:38 [notice] 28#28: exiting
2025/01/01 18:49:38 [notice] 30#30: exit
2025/01/01 18:49:38 [notice] 28#28: exit
2025/01/01 18:49:38 [notice] 23#23: gracefully shutting down
2025/01/01 18:49:38 [notice] 22#22: gracefully shutting down
2025/01/01 18:49:38 [notice] 23#23: exiting
2025/01/01 18:49:38 [notice] 23#23: exit
2025/01/01 18:49:38 [notice] 22#22: exiting
2025/01/01 18:49:38 [notice] 22#22: exit
2025/01/01 18:49:38 [notice] 21#21: exiting
2025/01/01 18:49:38 [notice] 21#21: exit
2025/01/01 18:49:38 [notice] 26#26: exiting
2025/01/01 18:49:38 [notice] 26#26: exit
2025/01/01 18:49:38 [notice] 31#31: exiting
2025/01/01 18:49:38 [notice] 31#31: exit
2025/01/01 18:49:38 [notice] 1#1: signal 17 (SIGCHLD) received from 20
2025/01/01 18:49:38 [notice] 1#1: worker process 20 exited with code 0
2025/01/01 18:49:38 [notice] 1#1: signal 29 (SIGIO) received
2025/01/01 18:49:38 [notice] 1#1: signal 17 (SIGCHLD) received from 21
2025/01/01 18:49:38 [notice] 1#1: worker process 21 exited with code 0
2025/01/01 18:49:38 [notice] 1#1: worker process 23 exited with code 0
2025/01/01 18:49:38 [notice] 1#1: worker process 25 exited with code 0
2025/01/01 18:49:38 [notice] 1#1: worker process 27 exited with code 0
2025/01/01 18:49:38 [notice] 1#1: worker process 28 exited with code 0
2025/01/01 18:49:38 [notice] 1#1: worker process 30 exited with code 0
2025/01/01 18:49:38 [notice] 1#1: worker process 31 exited with code 0
2025/01/01 18:49:38 [notice] 1#1: signal 29 (SIGIO) received
2025/01/01 18:49:38 [notice] 1#1: signal 17 (SIGCHLD) received from 30
2025/01/01 18:49:38 [notice] 1#1: signal 17 (SIGCHLD) received from 29
2025/01/01 18:49:38 [notice] 1#1: worker process 29 exited with code 0
2025/01/01 18:49:38 [notice] 1#1: signal 29 (SIGIO) received
2025/01/01 18:49:38 [notice] 1#1: signal 17 (SIGCHLD) received from 22
2025/01/01 18:49:38 [notice] 1#1: worker process 22 exited with code 0
2025/01/01 18:49:38 [notice] 1#1: signal 29 (SIGIO) received
2025/01/01 18:49:38 [notice] 1#1: signal 17 (SIGCHLD) received from 24
2025/01/01 18:49:38 [notice] 1#1: worker process 24 exited with code 0
2025/01/01 18:49:38 [notice] 1#1: worker process 26 exited with code 0
2025/01/01 18:49:38 [notice] 1#1: exit
2025/01/01 19:00:20 [notice] 1#1: using the "epoll" event method
2025/01/01 19:00:20 [notice] 1#1: nginx/1.27.3
2025/01/01 19:00:20 [notice] 1#1: built by gcc 13.2.1 20240309 (Alpine 13.2.1_git20240309) 
2025/01/01 19:00:20 [notice] 1#1: OS: Linux 5.15.153.1-microsoft-standard-WSL2
2025/01/01 19:00:20 [notice] 1#1: getrlimit(RLIMIT_NOFILE): 1048576:1048576
2025/01/01 19:00:20 [notice] 1#1: start worker processes
2025/01/01 19:00:20 [notice] 1#1: start worker process 20
2025/01/01 19:00:20 [notice] 1#1: start worker process 21
2025/01/01 19:00:20 [notice] 1#1: start worker process 22
2025/01/01 19:00:20 [notice] 1#1: start worker process 23
2025/01/01 19:00:20 [notice] 1#1: start worker process 24
2025/01/01 19:00:20 [notice] 1#1: start worker process 25
2025/01/01 19:00:20 [notice] 1#1: start worker process 26
2025/01/01 19:00:20 [notice] 1#1: start worker process 27
2025/01/01 19:00:20 [notice] 1#1: start worker process 28
2025/01/01 19:00:20 [notice] 1#1: start worker process 29
2025/01/01 19:00:20 [notice] 1#1: start worker process 30
2025/01/01 19:00:20 [notice] 1#1: start worker process 31
2025/01/01 19:00:26 [notice] 1#1: signal 3 (SIGQUIT) received, shutting down
2025/01/01 19:00:26 [notice] 21#21: gracefully shutting down
2025/01/01 19:00:26 [notice] 22#22: gracefully shutting down
2025/01/01 19:00:26 [notice] 23#23: gracefully shutting down
2025/01/01 19:00:26 [notice] 20#20: gracefully shutting down
2025/01/01 19:00:26 [notice] 21#21: exiting
2025/01/01 19:00:26 [notice] 22#22: exiting
2025/01/01 19:00:26 [notice] 23#23: exiting
2025/01/01 19:00:26 [notice] 24#24: gracefully shutting down
2025/01/01 19:00:26 [notice] 20#20: exiting
2025/01/01 19:00:26 [notice] 29#29: gracefully shutting down
2025/01/01 19:00:26 [notice] 24#24: exiting
2025/01/01 19:00:26 [notice] 25#25: gracefully shutting down
2025/01/01 19:00:26 [notice] 29#29: exiting
2025/01/01 19:00:26 [notice] 25#25: exiting
2025/01/01 19:00:26 [notice] 22#22: exit
2025/01/01 19:00:26 [notice] 21#21: exit
2025/01/01 19:00:26 [notice] 20#20: exit
2025/01/01 19:00:26 [notice] 23#23: exit
2025/01/01 19:00:26 [notice] 24#24: exit
2025/01/01 19:00:26 [notice] 29#29: exit
2025/01/01 19:00:26 [notice] 25#25: exit
2025/01/01 19:00:26 [notice] 31#31: gracefully shutting down
2025/01/01 19:00:26 [notice] 31#31: exiting
2025/01/01 19:00:26 [notice] 31#31: exit
2025/01/01 19:00:26 [notice] 26#26: gracefully shutting down
2025/01/01 19:00:26 [notice] 28#28: gracefully shutting down
2025/01/01 19:00:26 [notice] 26#26: exiting
2025/01/01 19:00:26 [notice] 28#28: exiting
2025/01/01 19:00:26 [notice] 26#26: exit
2025/01/01 19:00:26 [notice] 28#28: exit
2025/01/01 19:00:26 [notice] 27#27: gracefully shutting down
2025/01/01 19:00:26 [notice] 30#30: gracefully shutting down
2025/01/01 19:00:26 [notice] 27#27: exiting
2025/01/01 19:00:26 [notice] 30#30: exiting
2025/01/01 19:00:26 [notice] 27#27: exit
2025/01/01 19:00:26 [notice] 30#30: exit
2025/01/01 19:00:26 [notice] 1#1: signal 17 (SIGCHLD) received from 25
2025/01/01 19:00:26 [notice] 1#1: worker process 20 exited with code 0
2025/01/01 19:00:26 [notice] 1#1: worker process 24 exited with code 0
2025/01/01 19:00:26 [notice] 1#1: worker process 25 exited with code 0
2025/01/01 19:00:26 [notice] 1#1: worker process 26 exited with code 0
2025/01/01 19:00:26 [notice] 1#1: worker process 27 exited with code 0
2025/01/01 19:00:26 [notice] 1#1: signal 29 (SIGIO) received
2025/01/01 19:00:26 [notice] 1#1: signal 17 (SIGCHLD) received from 20
2025/01/01 19:00:26 [notice] 1#1: signal 17 (SIGCHLD) received from 21
2025/01/01 19:00:26 [notice] 1#1: worker process 21 exited with code 0
2025/01/01 19:00:26 [notice] 1#1: signal 29 (SIGIO) received
2025/01/01 19:00:26 [notice] 1#1: signal 17 (SIGCHLD) received from 31
2025/01/01 19:00:26 [notice] 1#1: worker process 28 exited with code 0
2025/01/01 19:00:26 [notice] 1#1: worker process 31 exited with code 0
2025/01/01 19:00:26 [notice] 1#1: signal 29 (SIGIO) received
2025/01/01 19:00:26 [notice] 1#1: signal 17 (SIGCHLD) received from 23
2025/01/01 19:00:26 [notice] 1#1: worker process 22 exited with code 0
2025/01/01 19:00:26 [notice] 1#1: worker process 23 exited with code 0
2025/01/01 19:00:26 [notice] 1#1: worker process 30 exited with code 0
2025/01/01 19:00:26 [notice] 1#1: signal 29 (SIGIO) received
2025/01/01 19:00:26 [notice] 1#1: signal 17 (SIGCHLD) received from 22
2025/01/01 19:00:26 [notice] 1#1: signal 17 (SIGCHLD) received from 29
2025/01/01 19:00:26 [notice] 1#1: worker process 29 exited with code 0
2025/01/01 19:00:26 [notice] 1#1: exit
2025/01/01 19:17:32 [notice] 1#1: using the "epoll" event method
2025/01/01 19:17:32 [notice] 1#1: nginx/1.27.3
2025/01/01 19:17:32 [notice] 1#1: built by gcc 13.2.1 20240309 (Alpine 13.2.1_git20240309) 
2025/01/01 19:17:32 [notice] 1#1: OS: Linux 5.15.153.1-microsoft-standard-WSL2
2025/01/01 19:17:32 [notice] 1#1: getrlimit(RLIMIT_NOFILE): 1048576:1048576
2025/01/01 19:17:32 [notice] 1#1: start worker processes
2025/01/01 19:17:32 [notice] 1#1: start worker process 20
2025/01/01 19:17:32 [notice] 1#1: start worker process 21
2025/01/01 19:17:32 [notice] 1#1: start worker process 22
2025/01/01 19:17:32 [notice] 1#1: start worker process 23
2025/01/01 19:17:32 [notice] 1#1: start worker process 24
2025/01/01 19:17:32 [notice] 1#1: start worker process 25
2025/01/01 19:17:32 [notice] 1#1: start worker process 26
2025/01/01 19:17:32 [notice] 1#1: start worker process 27
2025/01/01 19:17:32 [notice] 1#1: start worker process 28
2025/01/01 19:17:32 [notice] 1#1: start worker process 29
2025/01/01 19:17:32 [notice] 1#1: start worker process 30
2025/01/01 19:17:32 [notice] 1#1: start worker process 31
2025/01/02 09:02:57 [notice] 1#1: using the "epoll" event method
2025/01/02 09:02:57 [notice] 1#1: nginx/1.27.3
2025/01/02 09:02:57 [notice] 1#1: built by gcc 13.2.1 20240309 (Alpine 13.2.1_git20240309) 
2025/01/02 09:02:57 [notice] 1#1: OS: Linux 5.15.153.1-microsoft-standard-WSL2
2025/01/02 09:02:57 [notice] 1#1: getrlimit(RLIMIT_NOFILE): 1048576:1048576
2025/01/02 09:02:57 [notice] 1#1: start worker processes
2025/01/02 09:02:57 [notice] 1#1: start worker process 20
2025/01/02 09:02:57 [notice] 1#1: start worker process 21
2025/01/02 09:02:57 [notice] 1#1: start worker process 22
2025/01/02 09:02:57 [notice] 1#1: start worker process 23
2025/01/02 09:02:57 [notice] 1#1: start worker process 24
2025/01/02 09:02:57 [notice] 1#1: start worker process 25
2025/01/02 09:02:57 [notice] 1#1: start worker process 26
2025/01/02 09:02:57 [notice] 1#1: start worker process 27
2025/01/02 09:02:57 [notice] 1#1: start worker process 28
2025/01/02 09:02:57 [notice] 1#1: start worker process 29
2025/01/02 09:02:57 [notice] 1#1: start worker process 30
2025/01/02 09:02:57 [notice] 1#1: start worker process 31
2025/01/02 09:07:21 [notice] 1#1: signal 3 (SIGQUIT) received, shutting down
2025/01/02 09:07:21 [notice] 21#21: gracefully shutting down
2025/01/02 09:07:21 [notice] 22#22: gracefully shutting down
2025/01/02 09:07:21 [notice] 23#23: gracefully shutting down
2025/01/02 09:07:21 [notice] 21#21: exiting
2025/01/02 09:07:21 [notice] 22#22: exiting
2025/01/02 09:07:21 [notice] 23#23: exiting
2025/01/02 09:07:21 [notice] 23#23: exit
2025/01/02 09:07:21 [notice] 21#21: exit
2025/01/02 09:07:21 [notice] 22#22: exit
2025/01/02 09:07:21 [notice] 24#24: gracefully shutting down
2025/01/02 09:07:21 [notice] 25#25: gracefully shutting down
2025/01/02 09:07:21 [notice] 24#24: exiting
2025/01/02 09:07:21 [notice] 25#25: exiting
2025/01/02 09:07:21 [notice] 25#25: exit
2025/01/02 09:07:21 [notice] 24#24: exit
2025/01/02 09:07:21 [notice] 20#20: gracefully shutting down
2025/01/02 09:07:21 [notice] 28#28: gracefully shutting down
2025/01/02 09:07:21 [notice] 20#20: exiting
2025/01/02 09:07:21 [notice] 29#29: gracefully shutting down
2025/01/02 09:07:21 [notice] 30#30: gracefully shutting down
2025/01/02 09:07:21 [notice] 28#28: exiting
2025/01/02 09:07:21 [notice] 29#29: exiting
2025/01/02 09:07:21 [notice] 27#27: gracefully shutting down
2025/01/02 09:07:21 [notice] 31#31: gracefully shutting down
2025/01/02 09:07:21 [notice] 27#27: exiting
2025/01/02 09:07:21 [notice] 30#30: exiting
2025/01/02 09:07:21 [notice] 31#31: exiting
2025/01/02 09:07:21 [notice] 20#20: exit
2025/01/02 09:07:21 [notice] 28#28: exit
2025/01/02 09:07:21 [notice] 29#29: exit
2025/01/02 09:07:21 [notice] 26#26: gracefully shutting down
2025/01/02 09:07:21 [notice] 31#31: exit
2025/01/02 09:07:21 [notice] 30#30: exit
2025/01/02 09:07:21 [notice] 26#26: exiting
2025/01/02 09:07:21 [notice] 27#27: exit
2025/01/02 09:07:21 [notice] 26#26: exit
2025/01/02 09:07:21 [notice] 1#1: signal 17 (SIGCHLD) received from 31
2025/01/02 09:07:21 [notice] 1#1: worker process 31 exited with code 0
2025/01/02 09:07:21 [notice] 1#1: worker process 24 exited with code 0
2025/01/02 09:07:21 [notice] 1#1: worker process 25 exited with code 0
2025/01/02 09:07:21 [notice] 1#1: worker process 27 exited with code 0
2025/01/02 09:07:21 [notice] 1#1: worker process 29 exited with code 0
2025/01/02 09:07:21 [notice] 1#1: worker process 30 exited with code 0
2025/01/02 09:07:21 [notice] 1#1: signal 29 (SIGIO) received
2025/01/02 09:07:21 [notice] 1#1: signal 17 (SIGCHLD) received from 25
2025/01/02 09:07:21 [notice] 1#1: signal 17 (SIGCHLD) received from 20
2025/01/02 09:07:21 [notice] 1#1: worker process 20 exited with code 0
2025/01/02 09:07:21 [notice] 1#1: worker process 26 exited with code 0
2025/01/02 09:07:21 [notice] 1#1: signal 29 (SIGIO) received
2025/01/02 09:07:21 [notice] 1#1: signal 17 (SIGCHLD) received from 26
2025/01/02 09:07:21 [notice] 1#1: worker process 21 exited with code 0
2025/01/02 09:07:21 [notice] 1#1: worker process 22 exited with code 0
2025/01/02 09:07:21 [notice] 1#1: signal 29 (SIGIO) received
2025/01/02 09:07:21 [notice] 1#1: signal 17 (SIGCHLD) received from 28
2025/01/02 09:07:21 [notice] 1#1: worker process 28 exited with code 0
2025/01/02 09:07:21 [notice] 1#1: signal 29 (SIGIO) received
2025/01/02 09:07:21 [notice] 1#1: signal 17 (SIGCHLD) received from 23
2025/01/02 09:07:21 [notice] 1#1: worker process 23 exited with code 0
2025/01/02 09:07:21 [notice] 1#1: exit
2025/01/02 09:07:40 [notice] 1#1: using the "epoll" event method
2025/01/02 09:07:40 [notice] 1#1: nginx/1.27.3
2025/01/02 09:07:40 [notice] 1#1: built by gcc 13.2.1 20240309 (Alpine 13.2.1_git20240309) 
2025/01/02 09:07:40 [notice] 1#1: OS: Linux 5.15.153.1-microsoft-standard-WSL2
2025/01/02 09:07:40 [notice] 1#1: getrlimit(RLIMIT_NOFILE): 1048576:1048576
2025/01/02 09:07:40 [notice] 1#1: start worker processes
2025/01/02 09:07:40 [notice] 1#1: start worker process 20
2025/01/02 09:07:40 [notice] 1#1: start worker process 21
2025/01/02 09:07:40 [notice] 1#1: start worker process 22
2025/01/02 09:07:40 [notice] 1#1: start worker process 23
2025/01/02 09:07:40 [notice] 1#1: start worker process 24
2025/01/02 09:07:40 [notice] 1#1: start worker process 25
2025/01/02 09:07:40 [notice] 1#1: start worker process 26
2025/01/02 09:07:40 [notice] 1#1: start worker process 27
2025/01/02 09:07:40 [notice] 1#1: start worker process 28
2025/01/02 09:07:40 [notice] 1#1: start worker process 29
2025/01/02 09:07:40 [notice] 1#1: start worker process 30
2025/01/02 09:07:40 [notice] 1#1: start worker process 31
2025/01/02 09:20:02 [notice] 1#1: signal 3 (SIGQUIT) received, shutting down
2025/01/02 09:20:02 [notice] 20#20: gracefully shutting down
2025/01/02 09:20:02 [notice] 21#21: gracefully shutting down
2025/01/02 09:20:02 [notice] 22#22: gracefully shutting down
2025/01/02 09:20:02 [notice] 26#26: gracefully shutting down
2025/01/02 09:20:02 [notice] 27#27: gracefully shutting down
2025/01/02 09:20:02 [notice] 26#26: exiting
2025/01/02 09:20:02 [notice] 20#20: exiting
2025/01/02 09:20:02 [notice] 21#21: exiting
2025/01/02 09:20:02 [notice] 31#31: gracefully shutting down
2025/01/02 09:20:02 [notice] 22#22: exiting
2025/01/02 09:20:02 [notice] 31#31: exiting
2025/01/02 09:20:02 [notice] 27#27: exiting
2025/01/02 09:20:02 [notice] 31#31: exit
2025/01/02 09:20:02 [notice] 26#26: exit
2025/01/02 09:20:02 [notice] 22#22: exit
2025/01/02 09:20:02 [notice] 27#27: exit
2025/01/02 09:20:02 [notice] 20#20: exit
2025/01/02 09:20:02 [notice] 21#21: exit
2025/01/02 09:20:02 [notice] 25#25: gracefully shutting down
2025/01/02 09:20:02 [notice] 24#24: gracefully shutting down
2025/01/02 09:20:02 [notice] 25#25: exiting
2025/01/02 09:20:02 [notice] 24#24: exiting
2025/01/02 09:20:02 [notice] 29#29: gracefully shutting down
2025/01/02 09:20:02 [notice] 29#29: exiting
2025/01/02 09:20:02 [notice] 25#25: exit
2025/01/02 09:20:02 [notice] 24#24: exit
2025/01/02 09:20:02 [notice] 29#29: exit
2025/01/02 09:20:02 [notice] 28#28: gracefully shutting down
2025/01/02 09:20:02 [notice] 28#28: exiting
2025/01/02 09:20:02 [notice] 28#28: exit
2025/01/02 09:20:02 [notice] 23#23: gracefully shutting down
2025/01/02 09:20:02 [notice] 23#23: exiting
2025/01/02 09:20:02 [notice] 23#23: exit
2025/01/02 09:20:02 [notice] 30#30: gracefully shutting down
2025/01/02 09:20:02 [notice] 30#30: exiting
2025/01/02 09:20:02 [notice] 30#30: exit
2025/01/02 09:20:02 [notice] 1#1: signal 17 (SIGCHLD) received from 23
2025/01/02 09:20:02 [notice] 1#1: worker process 21 exited with code 0
2025/01/02 09:20:02 [notice] 1#1: worker process 22 exited with code 0
2025/01/02 09:20:02 [notice] 1#1: worker process 23 exited with code 0
2025/01/02 09:20:02 [notice] 1#1: worker process 24 exited with code 0
2025/01/02 09:20:02 [notice] 1#1: signal 29 (SIGIO) received
2025/01/02 09:20:02 [notice] 1#1: signal 17 (SIGCHLD) received from 22
2025/01/02 09:20:02 [notice] 1#1: worker process 20 exited with code 0
2025/01/02 09:20:02 [notice] 1#1: worker process 25 exited with code 0
2025/01/02 09:20:02 [notice] 1#1: worker process 26 exited with code 0
2025/01/02 09:20:02 [notice] 1#1: signal 29 (SIGIO) received
2025/01/02 09:20:02 [notice] 1#1: signal 17 (SIGCHLD) received from 27
2025/01/02 09:20:02 [notice] 1#1: worker process 27 exited with code 0
2025/01/02 09:20:02 [notice] 1#1: signal 29 (SIGIO) received
2025/01/02 09:20:02 [notice] 1#1: signal 17 (SIGCHLD) received from 30
2025/01/02 09:20:02 [notice] 1#1: worker process 29 exited with code 0
2025/01/02 09:20:02 [notice] 1#1: worker process 30 exited with code 0
2025/01/02 09:20:02 [notice] 1#1: worker process 31 exited with code 0
2025/01/02 09:20:02 [notice] 1#1: worker process 28 exited with code 0
2025/01/02 09:20:02 [notice] 1#1: exit
2025/01/02 09:20:16 [notice] 1#1: using the "epoll" event method
2025/01/02 09:20:16 [notice] 1#1: nginx/1.27.3
2025/01/02 09:20:16 [notice] 1#1: built by gcc 13.2.1 20240309 (Alpine 13.2.1_git20240309) 
2025/01/02 09:20:16 [notice] 1#1: OS: Linux 5.15.153.1-microsoft-standard-WSL2
2025/01/02 09:20:16 [notice] 1#1: getrlimit(RLIMIT_NOFILE): 1048576:1048576
2025/01/02 09:20:16 [notice] 1#1: start worker processes
2025/01/02 09:20:16 [notice] 1#1: start worker process 20
2025/01/02 09:20:16 [notice] 1#1: start worker process 21
2025/01/02 09:20:16 [notice] 1#1: start worker process 22
2025/01/02 09:20:16 [notice] 1#1: start worker process 23
2025/01/02 09:20:16 [notice] 1#1: start worker process 24
2025/01/02 09:20:16 [notice] 1#1: start worker process 25
2025/01/02 09:20:16 [notice] 1#1: start worker process 26
2025/01/02 09:20:16 [notice] 1#1: start worker process 27
2025/01/02 09:20:16 [notice] 1#1: start worker process 28
2025/01/02 09:20:16 [notice] 1#1: start worker process 29
2025/01/02 09:20:16 [notice] 1#1: start worker process 30
2025/01/02 09:20:16 [notice] 1#1: start worker process 31
2025/01/02 09:20:48 [notice] 1#1: signal 3 (SIGQUIT) received, shutting down
2025/01/02 09:20:48 [notice] 22#22: gracefully shutting down
2025/01/02 09:20:48 [notice] 21#21: gracefully shutting down
2025/01/02 09:20:48 [notice] 20#20: gracefully shutting down
2025/01/02 09:20:48 [notice] 24#24: gracefully shutting down
2025/01/02 09:20:48 [notice] 22#22: exiting
2025/01/02 09:20:48 [notice] 26#26: gracefully shutting down
2025/01/02 09:20:48 [notice] 21#21: exiting
2025/01/02 09:20:48 [notice] 28#28: gracefully shutting down
2025/01/02 09:20:48 [notice] 20#20: exiting
2025/01/02 09:20:48 [notice] 24#24: exiting
2025/01/02 09:20:48 [notice] 29#29: gracefully shutting down
2025/01/02 09:20:48 [notice] 27#27: gracefully shutting down
2025/01/02 09:20:48 [notice] 26#26: exiting
2025/01/02 09:20:48 [notice] 28#28: exiting
2025/01/02 09:20:48 [notice] 29#29: exiting
2025/01/02 09:20:48 [notice] 27#27: exiting
2025/01/02 09:20:48 [notice] 21#21: exit
2025/01/02 09:20:48 [notice] 22#22: exit
2025/01/02 09:20:48 [notice] 27#27: exit
2025/01/02 09:20:48 [notice] 20#20: exit
2025/01/02 09:20:48 [notice] 24#24: exit
2025/01/02 09:20:48 [notice] 29#29: exit
2025/01/02 09:20:48 [notice] 26#26: exit
2025/01/02 09:20:48 [notice] 28#28: exit
2025/01/02 09:20:48 [notice] 31#31: gracefully shutting down
2025/01/02 09:20:48 [notice] 31#31: exiting
2025/01/02 09:20:48 [notice] 31#31: exit
2025/01/02 09:20:48 [notice] 23#23: gracefully shutting down
2025/01/02 09:20:48 [notice] 23#23: exiting
2025/01/02 09:20:48 [notice] 23#23: exit
2025/01/02 09:20:48 [notice] 25#25: gracefully shutting down
2025/01/02 09:20:48 [notice] 25#25: exiting
2025/01/02 09:20:48 [notice] 25#25: exit
2025/01/02 09:20:48 [notice] 30#30: gracefully shutting down
2025/01/02 09:20:48 [notice] 30#30: exiting
2025/01/02 09:20:48 [notice] 30#30: exit
2025/01/02 09:20:48 [notice] 1#1: signal 17 (SIGCHLD) received from 22
2025/01/02 09:20:48 [notice] 1#1: worker process 22 exited with code 0
2025/01/02 09:20:48 [notice] 1#1: worker process 24 exited with code 0
2025/01/02 09:20:48 [notice] 1#1: worker process 20 exited with code 0
2025/01/02 09:20:48 [notice] 1#1: worker process 27 exited with code 0
2025/01/02 09:20:48 [notice] 1#1: worker process 30 exited with code 0
2025/01/02 09:20:48 [notice] 1#1: signal 29 (SIGIO) received
2025/01/02 09:20:48 [notice] 1#1: signal 17 (SIGCHLD) received from 27
2025/01/02 09:20:48 [notice] 1#1: signal 17 (SIGCHLD) received from 23
2025/01/02 09:20:48 [notice] 1#1: worker process 23 exited with code 0
2025/01/02 09:20:48 [notice] 1#1: signal 29 (SIGIO) received
2025/01/02 09:20:48 [notice] 1#1: signal 17 (SIGCHLD) received from 21
2025/01/02 09:20:48 [notice] 1#1: worker process 21 exited with code 0
2025/01/02 09:20:48 [notice] 1#1: worker process 29 exited with code 0
2025/01/02 09:20:48 [notice] 1#1: signal 29 (SIGIO) received
2025/01/02 09:20:48 [notice] 1#1: signal 17 (SIGCHLD) received from 26
2025/01/02 09:20:48 [notice] 1#1: worker process 26 exited with code 0
2025/01/02 09:20:48 [notice] 1#1: signal 29 (SIGIO) received
2025/01/02 09:20:48 [notice] 1#1: signal 17 (SIGCHLD) received from 28
2025/01/02 09:20:48 [notice] 1#1: worker process 28 exited with code 0
2025/01/02 09:20:48 [notice] 1#1: signal 29 (SIGIO) received
2025/01/02 09:20:48 [notice] 1#1: signal 17 (SIGCHLD) received from 31
2025/01/02 09:20:48 [notice] 1#1: worker process 25 exited with code 0
2025/01/02 09:20:48 [notice] 1#1: worker process 31 exited with code 0
2025/01/02 09:20:48 [notice] 1#1: exit
2025/01/02 09:21:01 [notice] 1#1: using the "epoll" event method
2025/01/02 09:21:01 [notice] 1#1: nginx/1.27.3
2025/01/02 09:21:01 [notice] 1#1: built by gcc 13.2.1 20240309 (Alpine 13.2.1_git20240309) 
2025/01/02 09:21:01 [notice] 1#1: OS: Linux 5.15.153.1-microsoft-standard-WSL2
2025/01/02 09:21:01 [notice] 1#1: getrlimit(RLIMIT_NOFILE): 1048576:1048576
2025/01/02 09:21:01 [notice] 1#1: start worker processes
2025/01/02 09:21:01 [notice] 1#1: start worker process 20
2025/01/02 09:21:01 [notice] 1#1: start worker process 21
2025/01/02 09:21:01 [notice] 1#1: start worker process 22
2025/01/02 09:21:01 [notice] 1#1: start worker process 23
2025/01/02 09:21:01 [notice] 1#1: start worker process 24
2025/01/02 09:21:01 [notice] 1#1: start worker process 25
2025/01/02 09:21:01 [notice] 1#1: start worker process 26
2025/01/02 09:21:01 [notice] 1#1: start worker process 27
2025/01/02 09:21:01 [notice] 1#1: start worker process 28
2025/01/02 09:21:01 [notice] 1#1: start worker process 29
2025/01/02 09:21:01 [notice] 1#1: start worker process 30
2025/01/02 09:21:01 [notice] 1#1: start worker process 31
2025/01/02 09:27:30 [notice] 1#1: signal 3 (SIGQUIT) received, shutting down
2025/01/02 09:27:30 [notice] 20#20: gracefully shutting down
2025/01/02 09:27:30 [notice] 21#21: gracefully shutting down
2025/01/02 09:27:30 [notice] 23#23: gracefully shutting down
2025/01/02 09:27:30 [notice] 22#22: gracefully shutting down
2025/01/02 09:27:30 [notice] 24#24: gracefully shutting down
2025/01/02 09:27:30 [notice] 26#26: gracefully shutting down
2025/01/02 09:27:30 [notice] 27#27: gracefully shutting down
2025/01/02 09:27:30 [notice] 25#25: gracefully shutting down
2025/01/02 09:27:30 [notice] 31#31: gracefully shutting down
2025/01/02 09:27:30 [notice] 22#22: exiting
2025/01/02 09:27:30 [notice] 27#27: exiting
2025/01/02 09:27:30 [notice] 23#23: exiting
2025/01/02 09:27:30 [notice] 25#25: exiting
2025/01/02 09:27:30 [notice] 24#24: exiting
2025/01/02 09:27:30 [notice] 31#31: exiting
2025/01/02 09:27:30 [notice] 21#21: exiting
2025/01/02 09:27:30 [notice] 27#27: exit
2025/01/02 09:27:30 [notice] 22#22: exit
2025/01/02 09:27:30 [notice] 23#23: exit
2025/01/02 09:27:30 [notice] 20#20: exiting
2025/01/02 09:27:30 [notice] 26#26: exiting
2025/01/02 09:27:30 [notice] 25#25: exit
2025/01/02 09:27:30 [notice] 24#24: exit
2025/01/02 09:27:30 [notice] 31#31: exit
2025/01/02 09:27:30 [notice] 26#26: exit
2025/01/02 09:27:30 [notice] 21#21: exit
2025/01/02 09:27:30 [notice] 20#20: exit
2025/01/02 09:27:30 [notice] 29#29: gracefully shutting down
2025/01/02 09:27:30 [notice] 29#29: exiting
2025/01/02 09:27:30 [notice] 29#29: exit
2025/01/02 09:27:30 [notice] 30#30: gracefully shutting down
2025/01/02 09:27:30 [notice] 28#28: gracefully shutting down
2025/01/02 09:27:30 [notice] 30#30: exiting
2025/01/02 09:27:30 [notice] 28#28: exiting
2025/01/02 09:27:30 [notice] 30#30: exit
2025/01/02 09:27:30 [notice] 28#28: exit
2025/01/02 09:27:30 [notice] 1#1: signal 17 (SIGCHLD) received from 25
2025/01/02 09:27:30 [notice] 1#1: worker process 25 exited with code 0
2025/01/02 09:27:30 [notice] 1#1: signal 29 (SIGIO) received
2025/01/02 09:27:30 [notice] 1#1: signal 17 (SIGCHLD) received from 21
2025/01/02 09:27:30 [notice] 1#1: worker process 21 exited with code 0
2025/01/02 09:27:30 [notice] 1#1: signal 29 (SIGIO) received
2025/01/02 09:27:30 [notice] 1#1: signal 17 (SIGCHLD) received from 23
2025/01/02 09:27:30 [notice] 1#1: worker process 20 exited with code 0
2025/01/02 09:27:30 [notice] 1#1: worker process 23 exited with code 0
2025/01/02 09:27:30 [notice] 1#1: signal 29 (SIGIO) received
2025/01/02 09:27:30 [notice] 1#1: signal 17 (SIGCHLD) received from 31
2025/01/02 09:27:30 [notice] 1#1: worker process 26 exited with code 0
2025/01/02 09:27:30 [notice] 1#1: worker process 31 exited with code 0
2025/01/02 09:27:30 [notice] 1#1: signal 29 (SIGIO) received
2025/01/02 09:27:30 [notice] 1#1: signal 17 (SIGCHLD) received from 26
2025/01/02 09:27:30 [notice] 1#1: signal 17 (SIGCHLD) received from 28
2025/01/02 09:27:30 [notice] 1#1: worker process 28 exited with code 0
2025/01/02 09:27:30 [notice] 1#1: signal 29 (SIGIO) received
2025/01/02 09:27:30 [notice] 1#1: signal 17 (SIGCHLD) received from 22
2025/01/02 09:27:30 [notice] 1#1: worker process 22 exited with code 0
2025/01/02 09:27:30 [notice] 1#1: signal 29 (SIGIO) received
2025/01/02 09:27:30 [notice] 1#1: signal 17 (SIGCHLD) received from 29
2025/01/02 09:27:30 [notice] 1#1: worker process 27 exited with code 0
2025/01/02 09:27:30 [notice] 1#1: worker process 29 exited with code 0
2025/01/02 09:27:30 [notice] 1#1: worker process 30 exited with code 0
2025/01/02 09:27:30 [notice] 1#1: signal 29 (SIGIO) received
2025/01/02 09:27:30 [notice] 1#1: signal 17 (SIGCHLD) received from 27
2025/01/02 09:27:30 [notice] 1#1: signal 17 (SIGCHLD) received from 24
2025/01/02 09:27:30 [notice] 1#1: worker process 24 exited with code 0
2025/01/02 09:27:30 [notice] 1#1: exit
2025/01/02 09:27:44 [notice] 1#1: using the "epoll" event method
2025/01/02 09:27:44 [notice] 1#1: nginx/1.27.3
2025/01/02 09:27:44 [notice] 1#1: built by gcc 13.2.1 20240309 (Alpine 13.2.1_git20240309) 
2025/01/02 09:27:44 [notice] 1#1: OS: Linux 5.15.153.1-microsoft-standard-WSL2
2025/01/02 09:27:44 [notice] 1#1: getrlimit(RLIMIT_NOFILE): 1048576:1048576
2025/01/02 09:27:44 [notice] 1#1: start worker processes
2025/01/02 09:27:44 [notice] 1#1: start worker process 20
2025/01/02 09:27:44 [notice] 1#1: start worker process 21
2025/01/02 09:27:44 [notice] 1#1: start worker process 22
2025/01/02 09:27:44 [notice] 1#1: start worker process 23
2025/01/02 09:27:44 [notice] 1#1: start worker process 24
2025/01/02 09:27:44 [notice] 1#1: start worker process 25
2025/01/02 09:27:44 [notice] 1#1: start worker process 26
2025/01/02 09:27:44 [notice] 1#1: start worker process 27
2025/01/02 09:27:44 [notice] 1#1: start worker process 28
2025/01/02 09:27:44 [notice] 1#1: start worker process 29
2025/01/02 09:27:44 [notice] 1#1: start worker process 30
2025/01/02 09:27:44 [notice] 1#1: start worker process 31
2025/01/02 09:41:07 [notice] 1#1: using the "epoll" event method
2025/01/02 09:41:07 [notice] 1#1: nginx/1.27.3
2025/01/02 09:41:07 [notice] 1#1: built by gcc 13.2.1 20240309 (Alpine 13.2.1_git20240309) 
2025/01/02 09:41:07 [notice] 1#1: OS: Linux 5.15.153.1-microsoft-standard-WSL2
2025/01/02 09:41:07 [notice] 1#1: getrlimit(RLIMIT_NOFILE): 1048576:1048576
2025/01/02 09:41:07 [notice] 1#1: start worker processes
2025/01/02 09:41:07 [notice] 1#1: start worker process 20
2025/01/02 09:41:07 [notice] 1#1: start worker process 21
2025/01/02 09:41:07 [notice] 1#1: start worker process 22
2025/01/02 09:41:07 [notice] 1#1: start worker process 23
2025/01/02 09:41:07 [notice] 1#1: start worker process 24
2025/01/02 09:41:07 [notice] 1#1: start worker process 25
2025/01/02 09:41:07 [notice] 1#1: start worker process 26
2025/01/02 09:41:07 [notice] 1#1: start worker process 27
2025/01/02 09:41:07 [notice] 1#1: start worker process 28
2025/01/02 09:41:07 [notice] 1#1: start worker process 29
2025/01/02 09:41:07 [notice] 1#1: start worker process 30
2025/01/02 09:41:07 [notice] 1#1: start worker process 31
2025/01/02 09:55:36 [notice] 1#1: signal 3 (SIGQUIT) received, shutting down
2025/01/02 09:55:36 [notice] 20#20: gracefully shutting down
2025/01/02 09:55:36 [notice] 21#21: gracefully shutting down
2025/01/02 09:55:36 [notice] 21#21: exiting
2025/01/02 09:55:36 [notice] 22#22: gracefully shutting down
2025/01/02 09:55:36 [notice] 20#20: exiting
2025/01/02 09:55:36 [notice] 23#23: gracefully shutting down
2025/01/02 09:55:36 [notice] 24#24: gracefully shutting down
2025/01/02 09:55:36 [notice] 22#22: exiting
2025/01/02 09:55:36 [notice] 26#26: gracefully shutting down
2025/01/02 09:55:36 [notice] 23#23: exiting
2025/01/02 09:55:36 [notice] 24#24: exiting
2025/01/02 09:55:36 [notice] 28#28: gracefully shutting down
2025/01/02 09:55:36 [notice] 26#26: exiting
2025/01/02 09:55:36 [notice] 25#25: gracefully shutting down
2025/01/02 09:55:36 [notice] 28#28: exiting
2025/01/02 09:55:36 [notice] 25#25: exiting
2025/01/02 09:55:36 [notice] 30#30: gracefully shutting down
2025/01/02 09:55:36 [notice] 20#20: exit
2025/01/02 09:55:36 [notice] 21#21: exit
2025/01/02 09:55:36 [notice] 30#30: exiting
2025/01/02 09:55:36 [notice] 22#22: exit
2025/01/02 09:55:36 [notice] 29#29: gracefully shutting down
2025/01/02 09:55:36 [notice] 26#26: exit
2025/01/02 09:55:36 [notice] 24#24: exit
2025/01/02 09:55:36 [notice] 28#28: exit
2025/01/02 09:55:36 [notice] 29#29: exiting
2025/01/02 09:55:36 [notice] 25#25: exit
2025/01/02 09:55:36 [notice] 23#23: exit
2025/01/02 09:55:36 [notice] 30#30: exit
2025/01/02 09:55:36 [notice] 29#29: exit
2025/01/02 09:55:36 [notice] 31#31: gracefully shutting down
2025/01/02 09:55:36 [notice] 31#31: exiting
2025/01/02 09:55:36 [notice] 31#31: exit
2025/01/02 09:55:36 [notice] 27#27: gracefully shutting down
2025/01/02 09:55:36 [notice] 27#27: exiting
2025/01/02 09:55:36 [notice] 27#27: exit
2025/01/02 09:55:36 [notice] 1#1: signal 17 (SIGCHLD) received from 24
2025/01/02 09:55:36 [notice] 1#1: worker process 24 exited with code 0
2025/01/02 09:55:36 [notice] 1#1: worker process 31 exited with code 0
2025/01/02 09:55:36 [notice] 1#1: signal 29 (SIGIO) received
2025/01/02 09:55:36 [notice] 1#1: signal 17 (SIGCHLD) received from 31
2025/01/02 09:55:36 [notice] 1#1: worker process 21 exited with code 0
2025/01/02 09:55:36 [notice] 1#1: worker process 26 exited with code 0
2025/01/02 09:55:36 [notice] 1#1: worker process 27 exited with code 0
2025/01/02 09:55:36 [notice] 1#1: worker process 30 exited with code 0
2025/01/02 09:55:36 [notice] 1#1: signal 29 (SIGIO) received
2025/01/02 09:55:36 [notice] 1#1: signal 17 (SIGCHLD) received from 26
2025/01/02 09:55:36 [notice] 1#1: signal 17 (SIGCHLD) received from 22
2025/01/02 09:55:36 [notice] 1#1: worker process 22 exited with code 0
2025/01/02 09:55:36 [notice] 1#1: signal 29 (SIGIO) received
2025/01/02 09:55:36 [notice] 1#1: signal 17 (SIGCHLD) received from 28
2025/01/02 09:55:36 [notice] 1#1: worker process 28 exited with code 0
2025/01/02 09:55:36 [notice] 1#1: worker process 29 exited with code 0
2025/01/02 09:55:36 [notice] 1#1: worker process 23 exited with code 0
2025/01/02 09:55:36 [notice] 1#1: signal 29 (SIGIO) received
2025/01/02 09:55:36 [notice] 1#1: signal 17 (SIGCHLD) received from 23
2025/01/02 09:55:36 [notice] 1#1: signal 17 (SIGCHLD) received from 20
2025/01/02 09:55:36 [notice] 1#1: worker process 20 exited with code 0
2025/01/02 09:55:36 [notice] 1#1: signal 29 (SIGIO) received
2025/01/02 09:55:36 [notice] 1#1: signal 17 (SIGCHLD) received from 25
2025/01/02 09:55:36 [notice] 1#1: worker process 25 exited with code 0
2025/01/02 09:55:36 [notice] 1#1: exit
2025/01/02 09:58:11 [notice] 1#1: using the "epoll" event method
2025/01/02 09:58:11 [notice] 1#1: nginx/1.27.3
2025/01/02 09:58:11 [notice] 1#1: built by gcc 13.2.1 20240309 (Alpine 13.2.1_git20240309) 
2025/01/02 09:58:11 [notice] 1#1: OS: Linux 5.15.153.1-microsoft-standard-WSL2
2025/01/02 09:58:11 [notice] 1#1: getrlimit(RLIMIT_NOFILE): 1048576:1048576
2025/01/02 09:58:11 [notice] 1#1: start worker processes
2025/01/02 09:58:11 [notice] 1#1: start worker process 20
2025/01/02 09:58:11 [notice] 1#1: start worker process 21
2025/01/02 09:58:11 [notice] 1#1: start worker process 22
2025/01/02 09:58:11 [notice] 1#1: start worker process 23
2025/01/02 09:58:11 [notice] 1#1: start worker process 24
2025/01/02 09:58:11 [notice] 1#1: start worker process 25
2025/01/02 09:58:11 [notice] 1#1: start worker process 26
2025/01/02 09:58:11 [notice] 1#1: start worker process 27
2025/01/02 09:58:11 [notice] 1#1: start worker process 28
2025/01/02 09:58:11 [notice] 1#1: start worker process 29
2025/01/02 09:58:11 [notice] 1#1: start worker process 30
2025/01/02 09:58:11 [notice] 1#1: start worker process 31
2025/01/02 09:58:15 [notice] 1#1: signal 3 (SIGQUIT) received, shutting down
2025/01/02 09:58:15 [notice] 24#24: gracefully shutting down
2025/01/02 09:58:15 [notice] 26#26: gracefully shutting down
2025/01/02 09:58:15 [notice] 20#20: gracefully shutting down
2025/01/02 09:58:15 [notice] 25#25: gracefully shutting down
2025/01/02 09:58:15 [notice] 22#22: gracefully shutting down
2025/01/02 09:58:15 [notice] 28#28: gracefully shutting down
2025/01/02 09:58:15 [notice] 27#27: gracefully shutting down
2025/01/02 09:58:15 [notice] 21#21: gracefully shutting down
2025/01/02 09:58:15 [notice] 29#29: gracefully shutting down
2025/01/02 09:58:15 [notice] 31#31: gracefully shutting down
2025/01/02 09:58:15 [notice] 24#24: exiting
2025/01/02 09:58:15 [notice] 23#23: gracefully shutting down
2025/01/02 09:58:15 [notice] 26#26: exiting
2025/01/02 09:58:15 [notice] 20#20: exiting
2025/01/02 09:58:15 [notice] 25#25: exiting
2025/01/02 09:58:15 [notice] 22#22: exiting
2025/01/02 09:58:15 [notice] 28#28: exiting
2025/01/02 09:58:15 [notice] 27#27: exiting
2025/01/02 09:58:15 [notice] 21#21: exiting
2025/01/02 09:58:15 [notice] 29#29: exiting
2025/01/02 09:58:15 [notice] 31#31: exiting
2025/01/02 09:58:15 [notice] 23#23: exiting
2025/01/02 09:58:15 [notice] 26#26: exit
2025/01/02 09:58:15 [notice] 24#24: exit
2025/01/02 09:58:15 [notice] 20#20: exit
2025/01/02 09:58:15 [notice] 25#25: exit
2025/01/02 09:58:15 [notice] 22#22: exit
2025/01/02 09:58:15 [notice] 27#27: exit
2025/01/02 09:58:15 [notice] 21#21: exit
2025/01/02 09:58:15 [notice] 29#29: exit
2025/01/02 09:58:15 [notice] 23#23: exit
2025/01/02 09:58:15 [notice] 31#31: exit
2025/01/02 09:58:15 [notice] 28#28: exit
2025/01/02 09:58:15 [notice] 30#30: gracefully shutting down
2025/01/02 09:58:15 [notice] 30#30: exiting
2025/01/02 09:58:15 [notice] 30#30: exit
2025/01/02 09:58:15 [notice] 1#1: signal 17 (SIGCHLD) received from 29
2025/01/02 09:58:15 [notice] 1#1: worker process 29 exited with code 0
2025/01/02 09:58:15 [notice] 1#1: signal 29 (SIGIO) received
2025/01/02 09:58:15 [notice] 1#1: signal 17 (SIGCHLD) received from 31
2025/01/02 09:58:15 [notice] 1#1: worker process 31 exited with code 0
2025/01/02 09:58:15 [notice] 1#1: signal 29 (SIGIO) received
2025/01/02 09:58:15 [notice] 1#1: signal 17 (SIGCHLD) received from 28
2025/01/02 09:58:15 [notice] 1#1: worker process 25 exited with code 0
2025/01/02 09:58:15 [notice] 1#1: worker process 28 exited with code 0
2025/01/02 09:58:15 [notice] 1#1: signal 29 (SIGIO) received
2025/01/02 09:58:15 [notice] 1#1: signal 17 (SIGCHLD) received from 22
2025/01/02 09:58:15 [notice] 1#1: worker process 20 exited with code 0
2025/01/02 09:58:15 [notice] 1#1: worker process 21 exited with code 0
2025/01/02 09:58:15 [notice] 1#1: worker process 22 exited with code 0
2025/01/02 09:58:15 [notice] 1#1: worker process 24 exited with code 0
2025/01/02 09:58:15 [notice] 1#1: worker process 26 exited with code 0
2025/01/02 09:58:15 [notice] 1#1: signal 29 (SIGIO) received
2025/01/02 09:58:15 [notice] 1#1: signal 17 (SIGCHLD) received from 27
2025/01/02 09:58:15 [notice] 1#1: worker process 23 exited with code 0
2025/01/02 09:58:15 [notice] 1#1: worker process 27 exited with code 0
2025/01/02 09:58:15 [notice] 1#1: worker process 30 exited with code 0
2025/01/02 09:58:15 [notice] 1#1: exit
2025/01/02 09:58:38 [notice] 1#1: using the "epoll" event method
2025/01/02 09:58:38 [notice] 1#1: nginx/1.27.3
2025/01/02 09:58:38 [notice] 1#1: built by gcc 13.2.1 20240309 (Alpine 13.2.1_git20240309) 
2025/01/02 09:58:38 [notice] 1#1: OS: Linux 5.15.153.1-microsoft-standard-WSL2
2025/01/02 09:58:38 [notice] 1#1: getrlimit(RLIMIT_NOFILE): 1048576:1048576
2025/01/02 09:58:38 [notice] 1#1: start worker processes
2025/01/02 09:58:38 [notice] 1#1: start worker process 20
2025/01/02 09:58:38 [notice] 1#1: start worker process 21
2025/01/02 09:58:38 [notice] 1#1: start worker process 22
2025/01/02 09:58:38 [notice] 1#1: start worker process 23
2025/01/02 09:58:38 [notice] 1#1: start worker process 24
2025/01/02 09:58:38 [notice] 1#1: start worker process 25
2025/01/02 09:58:38 [notice] 1#1: start worker process 26
2025/01/02 09:58:38 [notice] 1#1: start worker process 27
2025/01/02 09:58:38 [notice] 1#1: start worker process 28
2025/01/02 09:58:38 [notice] 1#1: start worker process 29
2025/01/02 09:58:38 [notice] 1#1: start worker process 30
2025/01/02 09:58:38 [notice] 1#1: start worker process 31
2025/01/02 10:16:18 [notice] 1#1: signal 3 (SIGQUIT) received, shutting down
2025/01/02 10:16:18 [notice] 20#20: gracefully shutting down
2025/01/02 10:16:18 [notice] 21#21: gracefully shutting down
2025/01/02 10:16:18 [notice] 20#20: exiting
2025/01/02 10:16:18 [notice] 22#22: gracefully shutting down
2025/01/02 10:16:18 [notice] 21#21: exiting
2025/01/02 10:16:18 [notice] 23#23: gracefully shutting down
2025/01/02 10:16:18 [notice] 22#22: exiting
2025/01/02 10:16:18 [notice] 24#24: gracefully shutting down
2025/01/02 10:16:18 [notice] 25#25: gracefully shutting down
2025/01/02 10:16:18 [notice] 27#27: gracefully shutting down
2025/01/02 10:16:18 [notice] 20#20: exit
2025/01/02 10:16:18 [notice] 21#21: exit
2025/01/02 10:16:18 [notice] 22#22: exit
2025/01/02 10:16:18 [notice] 23#23: exiting
2025/01/02 10:16:18 [notice] 31#31: gracefully shutting down
2025/01/02 10:16:18 [notice] 25#25: exiting
2025/01/02 10:16:18 [notice] 27#27: exiting
2025/01/02 10:16:18 [notice] 31#31: exiting
2025/01/02 10:16:18 [notice] 23#23: exit
2025/01/02 10:16:18 [notice] 28#28: gracefully shutting down
2025/01/02 10:16:18 [notice] 30#30: gracefully shutting down
2025/01/02 10:16:18 [notice] 25#25: exit
2025/01/02 10:16:18 [notice] 27#27: exit
2025/01/02 10:16:18 [notice] 31#31: exit
2025/01/02 10:16:18 [notice] 28#28: exiting
2025/01/02 10:16:18 [notice] 30#30: exiting
2025/01/02 10:16:18 [notice] 28#28: exit
2025/01/02 10:16:18 [notice] 30#30: exit
2025/01/02 10:16:18 [notice] 29#29: gracefully shutting down
2025/01/02 10:16:18 [notice] 29#29: exiting
2025/01/02 10:16:18 [notice] 26#26: gracefully shutting down
2025/01/02 10:16:18 [notice] 26#26: exiting
2025/01/02 10:16:18 [notice] 29#29: exit
2025/01/02 10:16:18 [notice] 26#26: exit
2025/01/02 10:16:18 [notice] 1#1: signal 17 (SIGCHLD) received from 30
2025/01/02 10:16:18 [notice] 1#1: worker process 22 exited with code 0
2025/01/02 10:16:18 [notice] 1#1: worker process 30 exited with code 0
2025/01/02 10:16:18 [notice] 1#1: signal 29 (SIGIO) received
2025/01/02 10:16:18 [notice] 1#1: signal 17 (SIGCHLD) received from 27
2025/01/02 10:16:18 [notice] 1#1: worker process 20 exited with code 0
2025/01/02 10:16:18 [notice] 1#1: worker process 25 exited with code 0
2025/01/02 10:16:18 [notice] 1#1: worker process 26 exited with code 0
2025/01/02 10:16:18 [notice] 1#1: worker process 27 exited with code 0
2025/01/02 10:16:18 [notice] 1#1: worker process 28 exited with code 0
2025/01/02 10:16:18 [notice] 1#1: worker process 29 exited with code 0
2025/01/02 10:16:18 [notice] 1#1: worker process 31 exited with code 0
2025/01/02 10:16:18 [notice] 1#1: signal 29 (SIGIO) received
2025/01/02 10:16:18 [notice] 1#1: signal 17 (SIGCHLD) received from 29
2025/01/02 10:16:18 [notice] 1#1: signal 17 (SIGCHLD) received from 23
2025/01/02 10:16:18 [notice] 1#1: worker process 21 exited with code 0
2025/01/02 10:16:18 [notice] 1#1: worker process 23 exited with code 0
2025/01/02 10:16:18 [notice] 1#1: signal 29 (SIGIO) received
2025/01/02 10:16:18 [notice] 1#1: signal 17 (SIGCHLD) received from 21
2025/01/02 10:16:28 [notice] 1#1: using the "epoll" event method
2025/01/02 10:16:28 [notice] 1#1: nginx/1.27.3
2025/01/02 10:16:28 [notice] 1#1: built by gcc 13.2.1 20240309 (Alpine 13.2.1_git20240309) 
2025/01/02 10:16:28 [notice] 1#1: OS: Linux 5.15.153.1-microsoft-standard-WSL2
2025/01/02 10:16:28 [notice] 1#1: getrlimit(RLIMIT_NOFILE): 1048576:1048576
2025/01/02 10:16:28 [notice] 1#1: start worker processes
2025/01/02 10:16:28 [notice] 1#1: start worker process 20
2025/01/02 10:16:28 [notice] 1#1: start worker process 21
2025/01/02 10:16:28 [notice] 1#1: start worker process 22
2025/01/02 10:16:28 [notice] 1#1: start worker process 23
2025/01/02 10:16:28 [notice] 1#1: start worker process 24
2025/01/02 10:16:28 [notice] 1#1: start worker process 25
2025/01/02 10:16:28 [notice] 1#1: start worker process 26
2025/01/02 10:16:28 [notice] 1#1: start worker process 27
2025/01/02 10:16:28 [notice] 1#1: start worker process 28
2025/01/02 10:16:28 [notice] 1#1: start worker process 29
2025/01/02 10:16:28 [notice] 1#1: start worker process 30
2025/01/02 10:16:28 [notice] 1#1: start worker process 31
2025/01/02 10:18:23 [notice] 1#1: signal 3 (SIGQUIT) received, shutting down
2025/01/02 10:18:23 [notice] 20#20: gracefully shutting down
2025/01/02 10:18:23 [notice] 26#26: gracefully shutting down
2025/01/02 10:18:23 [notice] 24#24: gracefully shutting down
2025/01/02 10:18:23 [notice] 20#20: exiting
2025/01/02 10:18:23 [notice] 26#26: exiting
2025/01/02 10:18:23 [notice] 22#22: gracefully shutting down
2025/01/02 10:18:23 [notice] 24#24: exiting
2025/01/02 10:18:23 [notice] 28#28: gracefully shutting down
2025/01/02 10:18:23 [notice] 29#29: gracefully shutting down
2025/01/02 10:18:23 [notice] 31#31: gracefully shutting down
2025/01/02 10:18:23 [notice] 22#22: exiting
2025/01/02 10:18:23 [notice] 28#28: exiting
2025/01/02 10:18:23 [notice] 29#29: exiting
2025/01/02 10:18:23 [notice] 31#31: exiting
2025/01/02 10:18:23 [notice] 27#27: gracefully shutting down
2025/01/02 10:18:23 [notice] 27#27: exiting
2025/01/02 10:18:23 [notice] 26#26: exit
2025/01/02 10:18:23 [notice] 24#24: exit
2025/01/02 10:18:23 [notice] 20#20: exit
2025/01/02 10:18:23 [notice] 22#22: exit
2025/01/02 10:18:23 [notice] 28#28: exit
2025/01/02 10:18:23 [notice] 29#29: exit
2025/01/02 10:18:23 [notice] 31#31: exit
2025/01/02 10:18:23 [notice] 27#27: exit
2025/01/02 10:18:23 [notice] 30#30: gracefully shutting down
2025/01/02 10:18:23 [notice] 30#30: exiting
2025/01/02 10:18:23 [notice] 30#30: exit
2025/01/02 10:18:23 [notice] 25#25: gracefully shutting down
2025/01/02 10:18:23 [notice] 25#25: exiting
2025/01/02 10:18:23 [notice] 25#25: exit
2025/01/02 10:18:23 [notice] 23#23: gracefully shutting down
2025/01/02 10:18:23 [notice] 21#21: gracefully shutting down
2025/01/02 10:18:23 [notice] 23#23: exiting
2025/01/02 10:18:23 [notice] 21#21: exiting
2025/01/02 10:18:23 [notice] 23#23: exit
2025/01/02 10:18:23 [notice] 21#21: exit
2025/01/02 10:18:23 [notice] 1#1: signal 17 (SIGCHLD) received from 29
2025/01/02 10:18:23 [notice] 1#1: worker process 22 exited with code 0
2025/01/02 10:18:23 [notice] 1#1: worker process 25 exited with code 0
2025/01/02 10:18:23 [notice] 1#1: worker process 26 exited with code 0
2025/01/02 10:18:23 [notice] 1#1: worker process 27 exited with code 0
2025/01/02 10:18:23 [notice] 1#1: worker process 29 exited with code 0
2025/01/02 10:18:23 [notice] 1#1: worker process 31 exited with code 0
2025/01/02 10:18:23 [notice] 1#1: signal 29 (SIGIO) received
2025/01/02 10:18:23 [notice] 1#1: signal 17 (SIGCHLD) received from 28
2025/01/02 10:18:23 [notice] 1#1: worker process 23 exited with code 0
2025/01/02 10:18:23 [notice] 1#1: worker process 24 exited with code 0
2025/01/02 10:18:23 [notice] 1#1: worker process 28 exited with code 0
2025/01/02 10:18:23 [notice] 1#1: worker process 30 exited with code 0
2025/01/02 10:18:23 [notice] 1#1: signal 29 (SIGIO) received
2025/01/02 10:18:23 [notice] 1#1: signal 17 (SIGCHLD) received from 21
2025/01/02 10:18:23 [notice] 1#1: worker process 20 exited with code 0
2025/01/02 10:18:23 [notice] 1#1: worker process 21 exited with code 0
2025/01/02 10:18:23 [notice] 1#1: exit
2025/01/02 10:18:33 [notice] 1#1: using the "epoll" event method
2025/01/02 10:18:33 [notice] 1#1: nginx/1.27.3
2025/01/02 10:18:33 [notice] 1#1: built by gcc 13.2.1 20240309 (Alpine 13.2.1_git20240309) 
2025/01/02 10:18:33 [notice] 1#1: OS: Linux 5.15.153.1-microsoft-standard-WSL2
2025/01/02 10:18:33 [notice] 1#1: getrlimit(RLIMIT_NOFILE): 1048576:1048576
2025/01/02 10:18:33 [notice] 1#1: start worker processes
2025/01/02 10:18:33 [notice] 1#1: start worker process 20
2025/01/02 10:18:33 [notice] 1#1: start worker process 21
2025/01/02 10:18:33 [notice] 1#1: start worker process 22
2025/01/02 10:18:33 [notice] 1#1: start worker process 23
2025/01/02 10:18:33 [notice] 1#1: start worker process 24
2025/01/02 10:18:33 [notice] 1#1: start worker process 25
2025/01/02 10:18:33 [notice] 1#1: start worker process 26
2025/01/02 10:18:33 [notice] 1#1: start worker process 27
2025/01/02 10:18:33 [notice] 1#1: start worker process 28
2025/01/02 10:18:33 [notice] 1#1: start worker process 29
2025/01/02 10:18:33 [notice] 1#1: start worker process 30
2025/01/02 10:18:33 [notice] 1#1: start worker process 31
